[INFO] [1791550038.939885931] [task3_preparation]: Scene 2: 1 segments, use_sim_time=true, max_speed=0.100
[INFO] [1791550039.941274405] [task3_preparation]: Waiting for odom...
[INFO] [1791550040.941300471] [task3_preparation]: Waiting for odom...
[INFO] [1791550041.191281582] [task3_preparation]: Preparation stage=wall_measurement deadline=20.0 s (total limit=60.0 s)
[INFO] [1791550041.191336929] [task3_preparation]: Right-wall alignment: valid=false stable=false angle=-46.921 deg rms=0.0000 m span=0.000 m
[INFO] [1791550041.941305001] [task3_preparation]: Initialization progress: stage=wall_measurement | pose: x=0.028990 y=0.017653 yaw=0.172558 rad | left=0.240 right=0.308 rear=0.254 rear_target=0.280 m | center_error=-0.0341 rear_error=0.0258 tolerance=0.0100 m | heading_error=0.8187 tolerance=0.0100 rad heading_basis=right_wall | position_ready=false heading_ready=false settling=false required_hold=0.50 s
[INFO] [1791550042.241303472] [task3_preparation]: Right-wall alignment: valid=false stable=false angle=-46.890 deg rms=0.0000 m span=0.000 m
[INFO] [1791550042.941320709] [task3_preparation]: Initialization progress: stage=wall_measurement | pose: x=0.028989 y=0.017652 yaw=0.173058 rad | left=0.240 right=0.309 rear=0.254 rear_target=0.280 m | center_error=-0.0344 rear_error=0.0261 tolerance=0.0100 m | heading_error=0.8189 tolerance=0.0100 rad heading_basis=right_wall | position_ready=false heading_ready=false settling=false required_hold=0.50 s
[INFO] [1791550043.241337513] [task3_preparation]: Right-wall alignment: valid=false stable=false angle=-46.898 deg rms=0.0000 m span=0.000 m
[INFO] [1791550043.941342845] [task3_preparation]: Initialization progress: stage=wall_measurement | pose: x=0.028989 y=0.017652 yaw=0.172999 rad | left=0.240 right=0.309 rear=0.254 rear_target=0.280 m | center_error=-0.0344 rear_error=0.0260 tolerance=0.0100 m | heading_error=0.8191 tolerance=0.0100 rad heading_basis=right_wall | position_ready=false heading_ready=false settling=false required_hold=0.50 s
[INFO] [1791550044.241350238] [task3_preparation]: Right-wall alignment: valid=false stable=false angle=-46.897 deg rms=0.0000 m span=0.000 m
[INFO] [1791550044.941373416] [task3_preparation]: Initialization progress: stage=wall_measurement | pose: x=0.028988 y=0.017651 yaw=0.172023 rad | left=0.240 right=0.308 rear=0.254 rear_target=0.280 m | center_error=-0.0337 rear_error=0.0257 tolerance=0.0100 m | heading_error=0.8188 tolerance=0.0100 rad heading_basis=right_wall | position_ready=false heading_ready=false settling=false required_hold=0.50 s
[INFO] [1791550045.241373041] [task3_preparation]: Right-wall alignment: valid=false stable=false angle=-46.906 deg rms=0.0000 m span=0.000 m
[INFO] [1791550045.941405574] [task3_preparation]: Initialization progress: stage=wall_measurement | pose: x=0.028988 y=0.017651 yaw=0.171350 rad | left=0.240 right=0.308 rear=0.254 rear_target=0.280 m | center_error=-0.0342 rear_error=0.0259 tolerance=0.0100 m | heading_error=0.8189 tolerance=0.0100 rad heading_basis=right_wall | position_ready=false heading_ready=false settling=false required_hold=0.50 s
[INFO] [1791550046.241398970] [task3_preparation]: Right-wall alignment: valid=false stable=false angle=-46.910 deg rms=0.0000 m span=0.000 m
[INFO] [1791550046.941408277] [task3_preparation]: Initialization progress: stage=wall_measurement | pose: x=0.028988 y=0.017651 yaw=0.171872 rad | left=0.240 right=0.308 rear=0.254 rear_target=0.280 m | center_error=-0.0343 rear_error=0.0260 tolerance=0.0100 m | heading_error=0.8182 tolerance=0.0100 rad heading_basis=right_wall | position_ready=false heading_ready=false settling=false required_hold=0.50 s
[INFO] [1791550047.291413685] [task3_preparation]: Right-wall alignment: valid=false stable=false angle=-46.896 deg rms=0.0000 m span=0.000 m
[INFO] [1791550047.941415367] [task3_preparation]: Initialization progress: stage=wall_measurement | pose: x=0.028987 y=0.017650 yaw=0.172152 rad | left=0.240 right=0.308 rear=0.254 rear_target=0.280 m | center_error=-0.0335 rear_error=0.0257 tolerance=0.0100 m | heading_error=0.8187 tolerance=0.0100 rad heading_basis=right_wall | position_ready=false heading_ready=false settling=false required_hold=0.50 s
[INFO] [1791550048.291564744] [task3_preparation]: Right-wall alignment: valid=false stable=false angle=-46.908 deg rms=0.0000 m span=0.000 m
[INFO] [1791550048.941459901] [task3_preparation]: Initialization progress: stage=wall_measurement | pose: x=0.028987 y=0.017650 yaw=0.173273 rad | left=0.241 right=0.308 rear=0.253 rear_target=0.280 m | center_error=-0.0336 rear_error=0.0269 tolerance=0.0100 m | heading_error=0.8186 tolerance=0.0100 rad heading_basis=right_wall | position_ready=false heading_ready=false settling=false required_hold=0.50 s
[INFO] [1791550049.341461809] [task3_preparation]: Right-wall alignment: valid=false stable=false angle=-46.909 deg rms=0.0000 m span=0.000 m
[INFO] [1791550049.941474213] [task3_preparation]: Initialization progress: stage=wall_measurement | pose: x=0.028987 y=0.017650 yaw=0.173371 rad | left=0.241 right=0.309 rear=0.254 rear_target=0.280 m | center_error=-0.0338 rear_error=0.0258 tolerance=0.0100 m | heading_error=0.8188 tolerance=0.0100 rad heading_basis=right_wall | position_ready=false heading_ready=false settling=false required_hold=0.50 s
[INFO] [1791550050.391487042] [task3_preparation]: Right-wall alignment: valid=false stable=false angle=-46.910 deg rms=0.0000 m span=0.000 m
[INFO] [1791550050.991520478] [task3_preparation]: Initialization progress: stage=wall_measurement | pose: x=0.028987 y=0.017650 yaw=0.172429 rad | left=0.240 right=0.309 rear=0.254 rear_target=0.280 m | center_error=-0.0343 rear_error=0.0257 tolerance=0.0100 m | heading_error=0.8188 tolerance=0.0100 rad heading_basis=right_wall | position_ready=false heading_ready=false settling=false required_hold=0.50 s
[INFO] [1791550051.391514407] [task3_preparation]: Right-wall alignment: valid=false stable=false angle=-46.919 deg rms=0.0000 m span=0.000 m
[INFO] [1791550052.041488484] [task3_preparation]: Initialization progress: stage=wall_measurement | pose: x=0.028986 y=0.017650 yaw=0.173993 rad | left=0.240 right=0.308 rear=0.254 rear_target=0.280 m | center_error=-0.0344 rear_error=0.0257 tolerance=0.0100 m | heading_error=0.8184 tolerance=0.0100 rad heading_basis=right_wall | position_ready=false heading_ready=false settling=false required_hold=0.50 s
[INFO] [1791550052.391517191] [task3_preparation]: Right-wall alignment: valid=false stable=false angle=-46.907 deg rms=0.0000 m span=0.000 m
[INFO] [1791550053.041520037] [task3_preparation]: Initialization progress: stage=wall_measurement | pose: x=0.028986 y=0.017649 yaw=0.173247 rad | left=0.239 right=0.308 rear=0.253 rear_target=0.280 m | center_error=-0.0346 rear_error=0.0267 tolerance=0.0100 m | heading_error=0.8186 tolerance=0.0100 rad heading_basis=right_wall | position_ready=false heading_ready=false settling=false required_hold=0.50 s
[INFO] [1791550053.391541160] [task3_preparation]: Right-wall alignment: valid=false stable=false angle=-46.895 deg rms=0.0000 m span=0.000 m
[INFO] [1791550054.041525607] [task3_preparation]: Initialization progress: stage=wall_measurement | pose: x=0.028986 y=0.017649 yaw=0.172688 rad | left=0.241 right=0.308 rear=0.254 rear_target=0.280 m | center_error=-0.0334 rear_error=0.0261 tolerance=0.0100 m | heading_error=0.8187 tolerance=0.0100 rad heading_basis=right_wall | position_ready=false heading_ready=false settling=false required_hold=0.50 s
[INFO] [1791550054.441540566] [task3_preparation]: Right-wall alignment: valid=false stable=false angle=-46.916 deg rms=0.0000 m span=0.000 m
[INFO] [1791550055.041545817] [task3_preparation]: Initialization progress: stage=wall_measurement | pose: x=0.028986 y=0.017649 yaw=0.172666 rad | left=0.239 right=0.308 rear=0.254 rear_target=0.280 m | center_error=-0.0343 rear_error=0.0264 tolerance=0.0100 m | heading_error=0.8187 tolerance=0.0100 rad heading_basis=right_wall | position_ready=false heading_ready=false settling=false required_hold=0.50 s
[INFO] [1791550055.441549949] [task3_preparation]: Right-wall alignment: valid=false stable=false angle=-46.904 deg rms=0.0000 m span=0.000 m
[INFO] [1791550056.041582206] [task3_preparation]: Initialization progress: stage=wall_measurement | pose: x=0.028986 y=0.017649 yaw=0.173385 rad | left=0.241 right=0.308 rear=0.255 rear_target=0.280 m | center_error=-0.0339 rear_error=0.0253 tolerance=0.0100 m | heading_error=0.8190 tolerance=0.0100 rad heading_basis=right_wall | position_ready=false heading_ready=false settling=false required_hold=0.50 s
[INFO] [1791550056.441568484] [task3_preparation]: Right-wall alignment: valid=false stable=false angle=-46.897 deg rms=0.0000 m span=0.000 m
[INFO] [1791550057.091614767] [task3_preparation]: Initialization progress: stage=wall_measurement | pose: x=0.028986 y=0.017649 yaw=0.172878 rad | left=0.241 right=0.308 rear=0.253 rear_target=0.280 m | center_error=-0.0335 rear_error=0.0267 tolerance=0.0100 m | heading_error=0.8185 tolerance=0.0100 rad heading_basis=right_wall | position_ready=false heading_ready=false settling=false required_hold=0.50 s
[INFO] [1791550057.441589390] [task3_preparation]: Right-wall alignment: valid=false stable=false angle=-46.883 deg rms=0.0000 m span=0.000 m
[INFO] [1791550058.091640914] [task3_preparation]: Initialization progress: stage=wall_measurement | pose: x=0.028986 y=0.017649 yaw=0.172935 rad | left=0.240 right=0.307 rear=0.254 rear_target=0.280 m | center_error=-0.0335 rear_error=0.0262 tolerance=0.0100 m | heading_error=0.8185 tolerance=0.0100 rad heading_basis=right_wall | position_ready=false heading_ready=false settling=false required_hold=0.50 s
[INFO] [1791550058.441609504] [task3_preparation]: Right-wall alignment: valid=false stable=false angle=-46.902 deg rms=0.0000 m span=0.000 m
[INFO] [1791550059.091645618] [task3_preparation]: Initialization progress: stage=wall_measurement | pose: x=0.028986 y=0.017649 yaw=0.173352 rad | left=0.240 right=0.307 rear=0.254 rear_target=0.280 m | center_error=-0.0334 rear_error=0.0258 tolerance=0.0100 m | heading_error=0.8187 tolerance=0.0100 rad heading_basis=right_wall | position_ready=false heading_ready=false settling=false required_hold=0.50 s
[INFO] [1791550059.441628302] [task3_preparation]: Right-wall alignment: valid=false stable=false angle=-46.914 deg rms=0.0000 m span=0.000 m
[INFO] [1791550060.091653571] [task3_preparation]: Initialization progress: stage=wall_measurement | pose: x=0.028986 y=0.017649 yaw=0.173135 rad | left=0.240 right=0.308 rear=0.253 rear_target=0.280 m | center_error=-0.0341 rear_error=0.0265 tolerance=0.0100 m | heading_error=0.8187 tolerance=0.0100 rad heading_basis=right_wall | position_ready=false heading_ready=false settling=false required_hold=0.50 s
[INFO] [1791550060.441650206] [task3_preparation]: Right-wall alignment: valid=false stable=false angle=-46.901 deg rms=0.0000 m span=0.000 m
[INFO] [1791550061.091791291] [task3_preparation]: Initialization progress: stage=wall_measurement | pose: x=0.028985 y=0.017649 yaw=0.172176 rad | left=0.241 right=0.308 rear=0.254 rear_target=0.280 m | center_error=-0.0337 rear_error=0.0264 tolerance=0.0100 m | heading_error=0.8186 tolerance=0.0100 rad heading_basis=right_wall | position_ready=false heading_ready=false settling=false required_hold=0.50 s
[ERROR] [1791550061.191710509] [task3_preparation]: Initial preparation fault: reason=WALL_MEASUREMENT_TIMEOUT stage=wall_measurement stage_elapsed=20.000 s total_elapsed=20.000 s scan_reason=none wall_valid=false wall_stable=false angle=-46.895 deg rms=0.0000 m span=0.000 m
[ERROR] [1791550061.294571289] [task3_sequence]: state=FAULT waypoint=A pending=1 return_remaining=0 pose=(0.0289854,0.0176487,0.172324) heading_reference=0
[INFO] [1791550061.294742081] [rclcpp]: signal_handler(SIGINT/SIGTERM)
[ros2run]: Process exited with failure 2
